Sum of 0000000000000000000000000000000000000001

and 0000000000000000000000000000000000000001

is 0000000000000000000000000000000000000002

