Sum of 0000000000000000000000000000000000000020

and 0000000000000000000000000000000000000300

is 0000000000000000000000000000000000000320

