Sum of 0000000000000000000000000000000000000020

and 000000000000000000000000000000000000300 

is 000000000000000000000000000000000000302 

