Sum of 0000000000000000000000000000000000034159

and 0000000000000000000000000000000000027818

is 0000000000000000000000000000000000061977

