Sum of 0000000000000000000000123456789123456789

and 0000000000000000000000987654321987654321

is 0000000000000000000001111111111111111110

