Sum of 0000000000000001000000000000000000000000

and 0000000000000000000000000000000000012345

is 0000000000000001000000000000000000012345

