Sum of 0123123123123123123123123123123123123123

and 0987987987987987987987987987987987987987

is 1111111111111111111111111111111111111110

